count(spoint)
0
count(spoint)
0
count(spoint)
0
count(spoint)
0
count(spoint)
0
count(spoint)
0
count(spoint)
0
count(spoint)
0
count(spoint)
0
count(spoint)
0
count(scircle)
0
count(scircle)
0
count(scircle)
0
count(scircle)
0
count(scircle)
0
count(scircle)
0
count(scircle)
0
count(scircle)
0
count(scircle)
0
count(scircle)
0
count(scircle)
0
count(scircle)
0
count(scircle)
1
count(scircle)
0
count(scircle)
0
count(spoint)
0
count(spoint)
0
count(spoint)
0
count(spoint)
0
count(spoint)
0
count(spoint)
0
count(spoint)
0
count(spoint)
0
count(spoint)
0
count(spoint)
0
count(scircle)
0
count(scircle)
0
count(scircle)
0
count(scircle)
0
count(scircle)
0
count(scircle)
0
count(scircle)
0
count(scircle)
0
count(scircle)
0
count(scircle)
0
count(scircle)
0
count(scircle)
0
count(scircle)
1
count(scircle)
0
count(scircle)
0
count(spherepoint.spoint)
126
