sequal(strans('-10d,0d,10d,ZZZ'), strans('-10d,0d,10d,XXX'))
1
snotequal(strans('-40d,0d,40d,ZZZ'), strans('-40d,0d,40d,XXX'))
0
